../Core/Src/main.c:82:6:HAL_GPIO_EXTI_Callback	16	static
../Core/Src/main.c:95:6:HAL_TIM_PeriodElapsedCallback	32	static
../Core/Src/main.c:116:5:main	240	static
../Core/Src/main.c:226:6:SystemClock_Config	96	static
../Core/Src/main.c:277:13:MX_DAC1_Init	48	static
../Core/Src/main.c:321:13:MX_I2C2_Init	8	static
../Core/Src/main.c:369:13:MX_TIM2_Init	40	static
../Core/Src/main.c:414:13:MX_TIM3_Init	40	static
../Core/Src/main.c:459:13:MX_USART1_UART_Init	8	static
../Core/Src/main.c:505:13:MX_DMA_Init	16	static
../Core/Src/main.c:524:13:MX_GPIO_Init	40	static
../Core/Src/main.c:567:6:Error_Handler	4	static,ignoring_inline_asm
